// Jest Snapshot v1, https://goo.gl/fbAQLP

exports[`renders correctly 1`] = `
<View
  style={undefined}
>
  <RCTScrollView
    style={undefined}
  >
    <View>
      <View
        style={undefined}
      >
        <View
          style={undefined}
        >
          <View
            style={undefined}
          >
            <Text
              accessible={true}
              allowFontScaling={true}
              ellipsizeMode="tail"
              style={
                Array [
                  Object {
                    "fontFamily": "Karla",
                  },
                  Array [
                    undefined,
                  ],
                ]
              }
            >
              User Name
            </Text>
          </View>
          <View
            style={undefined}
          >
            <TextInput
              allowFontScaling={true}
              autoCapitalize="none"
              autoCorrect={false}
              keyboardType="default"
              onChangeText={[Function]}
              returnKeyType="done"
              secureTextEntry={false}
              style={undefined}
              underlineColorAndroid="white"
            />
          </View>
        </View>
        <View
          style={undefined}
        >
          <View
            style={undefined}
          >
            <Text
              accessible={true}
              allowFontScaling={true}
              ellipsizeMode="tail"
              style={
                Array [
                  Object {
                    "fontFamily": "Karla",
                  },
                  Array [
                    undefined,
                  ],
                ]
              }
            >
              Email address
            </Text>
          </View>
          <View
            style={undefined}
          >
            <TextInput
              allowFontScaling={true}
              autoCapitalize="none"
              autoCorrect={false}
              keyboardType="email-address"
              onChangeText={[Function]}
              returnKeyType="done"
              secureTextEntry={false}
              style={undefined}
              underlineColorAndroid="white"
            />
          </View>
        </View>
        <View
          style={undefined}
        >
          <View
            style={undefined}
          >
            <View
              style={undefined}
            >
              <View
                style={undefined}
              >
                <Text
                  accessible={true}
                  allowFontScaling={true}
                  ellipsizeMode="tail"
                  style={
                    Array [
                      Object {
                        "fontFamily": "Karla",
                      },
                      Array [
                        undefined,
                      ],
                    ]
                  }
                >
                  Password
                </Text>
                <Text
                  accessible={true}
                  allowFontScaling={true}
                  ellipsizeMode="tail"
                  style={
                    Array [
                      Object {
                        "fontFamily": "Karla",
                      },
                      Array [
                        undefined,
                        undefined,
                      ],
                    ]
                  }
                >
                    Min 8 chars
                </Text>
              </View>
              <View
                style={undefined}
              >
                <TextInput
                  allowFontScaling={true}
                  autoCapitalize="none"
                  autoCorrect={false}
                  keyboardType="default"
                  onChangeText={[Function]}
                  returnKeyType="done"
                  secureTextEntry={false}
                  style={undefined}
                  underlineColorAndroid="white"
                />
              </View>
            </View>
          </View>
          <View
            style={
              Array [
                undefined,
                undefined,
              ]
            }
          >
            <CheckboxField
              checkboxStyle={undefined}
              containerStyle={undefined}
              defaultColor="white"
              onSelect={[Function]}
              selected={true}
              selectedColor="#1995ea"
            >
              <Text
                accessible={true}
                allowFontScaling={false}
                ellipsizeMode="tail"
                style={
                  Array [
                    Object {
                      "color": undefined,
                      "fontSize": 12,
                    },
                    undefined,
                    Object {
                      "fontFamily": "FontAwesome",
                      "fontStyle": "normal",
                      "fontWeight": "normal",
                    },
                    Object {},
                  ]
                }
              >
                
              </Text>
            </CheckboxField>
            <View
              accessibilityComponentType={undefined}
              accessibilityLabel={undefined}
              accessibilityTraits={undefined}
              accessible={true}
              collapsable={undefined}
              hasTVPreferredFocus={undefined}
              hitSlop={undefined}
              isTVSelectable={true}
              nativeID={undefined}
              onLayout={undefined}
              onResponderGrant={[Function]}
              onResponderMove={[Function]}
              onResponderRelease={[Function]}
              onResponderTerminate={[Function]}
              onResponderTerminationRequest={[Function]}
              onStartShouldSetResponder={[Function]}
              style={
                Object {
                  "opacity": 1,
                }
              }
              testID={undefined}
              tvParallaxProperties={undefined}
            >
              <Text
                accessible={true}
                allowFontScaling={true}
                ellipsizeMode="tail"
                style={
                  Array [
                    Object {
                      "fontFamily": "Karla",
                    },
                    Array [
                      undefined,
                      undefined,
                    ],
                  ]
                }
              >
                Show password
              </Text>
            </View>
          </View>
        </View>
        <View
          style={undefined}
        >
          <View
            style={undefined}
          >
            <Text
              accessible={true}
              allowFontScaling={true}
              ellipsizeMode="tail"
              style={
                Array [
                  Object {
                    "fontFamily": "Karla",
                  },
                  Array [
                    undefined,
                  ],
                ]
              }
            >
              Real name
            </Text>
            <Text
              accessible={true}
              allowFontScaling={true}
              ellipsizeMode="tail"
              style={
                Array [
                  Object {
                    "fontFamily": "Karla",
                  },
                  Array [
                    undefined,
                    undefined,
                  ],
                ]
              }
            >
                Optional
            </Text>
          </View>
          <View
            style={undefined}
          >
            <TextInput
              allowFontScaling={true}
              autoCapitalize="none"
              autoCorrect={false}
              keyboardType="default"
              onChangeText={[Function]}
              returnKeyType="done"
              secureTextEntry={false}
              style={undefined}
              underlineColorAndroid="white"
            />
          </View>
          <Text
            accessible={true}
            allowFontScaling={true}
            ellipsizeMode="tail"
            style={
              Array [
                Object {
                  "fontFamily": "Karla",
                },
                Array [
                  undefined,
                  undefined,
                ],
              ]
            }
          >
            We'll use this to give you credit in scientific papers, etc.
          </Text>
        </View>
        <View
          style={undefined}
        >
          <CheckboxField
            checkboxStyle={undefined}
            containerStyle={
              Array [
                undefined,
                undefined,
              ]
            }
            defaultColor="white"
            onSelect={[Function]}
            selected={undefined}
            selectedColor="#1995ea"
          >
            <Text
              accessible={true}
              allowFontScaling={false}
              ellipsizeMode="tail"
              style={
                Array [
                  Object {
                    "color": undefined,
                    "fontSize": 12,
                  },
                  undefined,
                  Object {
                    "fontFamily": "FontAwesome",
                    "fontStyle": "normal",
                    "fontWeight": "normal",
                  },
                  Object {},
                ]
              }
            >
              
            </Text>
          </CheckboxField>
          <View
            accessibilityComponentType={undefined}
            accessibilityLabel={undefined}
            accessibilityTraits={undefined}
            accessible={true}
            collapsable={undefined}
            hasTVPreferredFocus={undefined}
            hitSlop={undefined}
            isTVSelectable={true}
            nativeID={undefined}
            onLayout={undefined}
            onResponderGrant={[Function]}
            onResponderMove={[Function]}
            onResponderRelease={[Function]}
            onResponderTerminate={[Function]}
            onResponderTerminationRequest={[Function]}
            onStartShouldSetResponder={[Function]}
            style={
              Object {
                "opacity": 1,
              }
            }
            testID={undefined}
            tvParallaxProperties={undefined}
          >
            <Text
              accessible={true}
              allowFontScaling={true}
              ellipsizeMode="tail"
              style={
                Array [
                  Object {
                    "fontFamily": "Karla",
                  },
                  Array [
                    undefined,
                    undefined,
                  ],
                ]
              }
            >
              It’s okay to send me email occasionally.
            </Text>
          </View>
        </View>
        <View
          accessibilityComponentType={undefined}
          accessibilityLabel={undefined}
          accessibilityTraits={undefined}
          accessible={true}
          collapsable={undefined}
          hasTVPreferredFocus={undefined}
          hitSlop={undefined}
          isTVSelectable={true}
          nativeID={undefined}
          onLayout={undefined}
          onResponderGrant={[Function]}
          onResponderMove={[Function]}
          onResponderRelease={[Function]}
          onResponderTerminate={[Function]}
          onResponderTerminationRequest={[Function]}
          onStartShouldSetResponder={[Function]}
          style={
            Object {
              "opacity": 1,
            }
          }
          testID={undefined}
          tvParallaxProperties={undefined}
        >
          <Text
            accessible={true}
            allowFontScaling={true}
            ellipsizeMode="tail"
            style={undefined}
          >
            Register
          </Text>
        </View>
        <View
          style={undefined}
        >
          <Text
            accessible={true}
            allowFontScaling={true}
            ellipsizeMode="tail"
            style={
              Array [
                Object {
                  "fontFamily": "Karla",
                },
                Array [
                  undefined,
                  undefined,
                ],
              ]
            }
          >
            By signing up, I agree to Zooniverse's 
          </Text>
          <View
            accessibilityComponentType={undefined}
            accessibilityLabel={undefined}
            accessibilityTraits={undefined}
            accessible={true}
            collapsable={undefined}
            hasTVPreferredFocus={undefined}
            hitSlop={undefined}
            isTVSelectable={true}
            nativeID={undefined}
            onLayout={undefined}
            onResponderGrant={[Function]}
            onResponderMove={[Function]}
            onResponderRelease={[Function]}
            onResponderTerminate={[Function]}
            onResponderTerminationRequest={[Function]}
            onStartShouldSetResponder={[Function]}
            style={
              Object {
                "opacity": 1,
              }
            }
            testID={undefined}
            tvParallaxProperties={undefined}
          >
            <Text
              accessible={true}
              allowFontScaling={true}
              ellipsizeMode="tail"
              style={
                Array [
                  Object {
                    "fontFamily": "Karla",
                  },
                  Array [
                    undefined,
                    undefined,
                  ],
                ]
              }
            >
              Privacy Policy
            </Text>
          </View>
        </View>
      </View>
    </View>
  </RCTScrollView>
</View>
`;

exports[`renders errors 1`] = `
<View
  style={undefined}
>
  <RCTScrollView
    style={undefined}
  >
    <View>
      <View
        style={undefined}
      >
        <View
          style={undefined}
        >
          <View
            style={undefined}
          >
            <Text
              accessible={true}
              allowFontScaling={true}
              ellipsizeMode="tail"
              style={
                Array [
                  Object {
                    "fontFamily": "Karla",
                  },
                  Array [
                    undefined,
                  ],
                ]
              }
            >
              User Name
            </Text>
          </View>
          <View
            style={undefined}
          >
            <TextInput
              allowFontScaling={true}
              autoCapitalize="none"
              autoCorrect={false}
              keyboardType="default"
              onChangeText={[Function]}
              returnKeyType="done"
              secureTextEntry={false}
              style={undefined}
              underlineColorAndroid="white"
            />
          </View>
        </View>
        <View
          style={undefined}
        >
          <View
            style={undefined}
          >
            <Text
              accessible={true}
              allowFontScaling={true}
              ellipsizeMode="tail"
              style={
                Array [
                  Object {
                    "fontFamily": "Karla",
                  },
                  Array [
                    undefined,
                  ],
                ]
              }
            >
              Email address
            </Text>
          </View>
          <View
            style={undefined}
          >
            <TextInput
              allowFontScaling={true}
              autoCapitalize="none"
              autoCorrect={false}
              keyboardType="email-address"
              onChangeText={[Function]}
              returnKeyType="done"
              secureTextEntry={false}
              style={undefined}
              underlineColorAndroid="white"
            />
          </View>
        </View>
        <View
          style={undefined}
        >
          <View
            style={undefined}
          >
            <View
              style={undefined}
            >
              <View
                style={undefined}
              >
                <Text
                  accessible={true}
                  allowFontScaling={true}
                  ellipsizeMode="tail"
                  style={
                    Array [
                      Object {
                        "fontFamily": "Karla",
                      },
                      Array [
                        undefined,
                      ],
                    ]
                  }
                >
                  Password
                </Text>
                <Text
                  accessible={true}
                  allowFontScaling={true}
                  ellipsizeMode="tail"
                  style={
                    Array [
                      Object {
                        "fontFamily": "Karla",
                      },
                      Array [
                        undefined,
                        undefined,
                      ],
                    ]
                  }
                >
                    Min 8 chars
                </Text>
              </View>
              <View
                style={undefined}
              >
                <TextInput
                  allowFontScaling={true}
                  autoCapitalize="none"
                  autoCorrect={false}
                  keyboardType="default"
                  onChangeText={[Function]}
                  returnKeyType="done"
                  secureTextEntry={false}
                  style={undefined}
                  underlineColorAndroid="white"
                />
              </View>
            </View>
          </View>
          <View
            style={
              Array [
                undefined,
                undefined,
              ]
            }
          >
            <CheckboxField
              checkboxStyle={undefined}
              containerStyle={undefined}
              defaultColor="white"
              onSelect={[Function]}
              selected={true}
              selectedColor="#1995ea"
            >
              <Text
                accessible={true}
                allowFontScaling={false}
                ellipsizeMode="tail"
                style={
                  Array [
                    Object {
                      "color": undefined,
                      "fontSize": 12,
                    },
                    undefined,
                    Object {
                      "fontFamily": "FontAwesome",
                      "fontStyle": "normal",
                      "fontWeight": "normal",
                    },
                    Object {},
                  ]
                }
              >
                
              </Text>
            </CheckboxField>
            <View
              accessibilityComponentType={undefined}
              accessibilityLabel={undefined}
              accessibilityTraits={undefined}
              accessible={true}
              collapsable={undefined}
              hasTVPreferredFocus={undefined}
              hitSlop={undefined}
              isTVSelectable={true}
              nativeID={undefined}
              onLayout={undefined}
              onResponderGrant={[Function]}
              onResponderMove={[Function]}
              onResponderRelease={[Function]}
              onResponderTerminate={[Function]}
              onResponderTerminationRequest={[Function]}
              onStartShouldSetResponder={[Function]}
              style={
                Object {
                  "opacity": 1,
                }
              }
              testID={undefined}
              tvParallaxProperties={undefined}
            >
              <Text
                accessible={true}
                allowFontScaling={true}
                ellipsizeMode="tail"
                style={
                  Array [
                    Object {
                      "fontFamily": "Karla",
                    },
                    Array [
                      undefined,
                      undefined,
                    ],
                  ]
                }
              >
                Show password
              </Text>
            </View>
          </View>
        </View>
        <View
          style={undefined}
        >
          <View
            style={undefined}
          >
            <Text
              accessible={true}
              allowFontScaling={true}
              ellipsizeMode="tail"
              style={
                Array [
                  Object {
                    "fontFamily": "Karla",
                  },
                  Array [
                    undefined,
                  ],
                ]
              }
            >
              Real name
            </Text>
            <Text
              accessible={true}
              allowFontScaling={true}
              ellipsizeMode="tail"
              style={
                Array [
                  Object {
                    "fontFamily": "Karla",
                  },
                  Array [
                    undefined,
                    undefined,
                  ],
                ]
              }
            >
                Optional
            </Text>
          </View>
          <View
            style={undefined}
          >
            <TextInput
              allowFontScaling={true}
              autoCapitalize="none"
              autoCorrect={false}
              keyboardType="default"
              onChangeText={[Function]}
              returnKeyType="done"
              secureTextEntry={false}
              style={undefined}
              underlineColorAndroid="white"
            />
          </View>
          <Text
            accessible={true}
            allowFontScaling={true}
            ellipsizeMode="tail"
            style={
              Array [
                Object {
                  "fontFamily": "Karla",
                },
                Array [
                  undefined,
                  undefined,
                ],
              ]
            }
          >
            We'll use this to give you credit in scientific papers, etc.
          </Text>
        </View>
        <View
          style={undefined}
        >
          <CheckboxField
            checkboxStyle={undefined}
            containerStyle={
              Array [
                undefined,
                undefined,
              ]
            }
            defaultColor="white"
            onSelect={[Function]}
            selected={undefined}
            selectedColor="#1995ea"
          >
            <Text
              accessible={true}
              allowFontScaling={false}
              ellipsizeMode="tail"
              style={
                Array [
                  Object {
                    "color": undefined,
                    "fontSize": 12,
                  },
                  undefined,
                  Object {
                    "fontFamily": "FontAwesome",
                    "fontStyle": "normal",
                    "fontWeight": "normal",
                  },
                  Object {},
                ]
              }
            >
              
            </Text>
          </CheckboxField>
          <View
            accessibilityComponentType={undefined}
            accessibilityLabel={undefined}
            accessibilityTraits={undefined}
            accessible={true}
            collapsable={undefined}
            hasTVPreferredFocus={undefined}
            hitSlop={undefined}
            isTVSelectable={true}
            nativeID={undefined}
            onLayout={undefined}
            onResponderGrant={[Function]}
            onResponderMove={[Function]}
            onResponderRelease={[Function]}
            onResponderTerminate={[Function]}
            onResponderTerminationRequest={[Function]}
            onStartShouldSetResponder={[Function]}
            style={
              Object {
                "opacity": 1,
              }
            }
            testID={undefined}
            tvParallaxProperties={undefined}
          >
            <Text
              accessible={true}
              allowFontScaling={true}
              ellipsizeMode="tail"
              style={
                Array [
                  Object {
                    "fontFamily": "Karla",
                  },
                  Array [
                    undefined,
                    undefined,
                  ],
                ]
              }
            >
              It’s okay to send me email occasionally.
            </Text>
          </View>
        </View>
        <Text
          accessible={true}
          allowFontScaling={true}
          ellipsizeMode="tail"
          style={
            Array [
              Object {
                "fontFamily": "Karla",
              },
              Array [
                undefined,
                undefined,
              ],
            ]
          }
        >
          Wrong!
        </Text>
        <View
          accessibilityComponentType={undefined}
          accessibilityLabel={undefined}
          accessibilityTraits={undefined}
          accessible={true}
          collapsable={undefined}
          hasTVPreferredFocus={undefined}
          hitSlop={undefined}
          isTVSelectable={true}
          nativeID={undefined}
          onLayout={undefined}
          onResponderGrant={[Function]}
          onResponderMove={[Function]}
          onResponderRelease={[Function]}
          onResponderTerminate={[Function]}
          onResponderTerminationRequest={[Function]}
          onStartShouldSetResponder={[Function]}
          style={
            Object {
              "opacity": 1,
            }
          }
          testID={undefined}
          tvParallaxProperties={undefined}
        >
          <Text
            accessible={true}
            allowFontScaling={true}
            ellipsizeMode="tail"
            style={undefined}
          >
            Register
          </Text>
        </View>
        <View
          style={undefined}
        >
          <Text
            accessible={true}
            allowFontScaling={true}
            ellipsizeMode="tail"
            style={
              Array [
                Object {
                  "fontFamily": "Karla",
                },
                Array [
                  undefined,
                  undefined,
                ],
              ]
            }
          >
            By signing up, I agree to Zooniverse's 
          </Text>
          <View
            accessibilityComponentType={undefined}
            accessibilityLabel={undefined}
            accessibilityTraits={undefined}
            accessible={true}
            collapsable={undefined}
            hasTVPreferredFocus={undefined}
            hitSlop={undefined}
            isTVSelectable={true}
            nativeID={undefined}
            onLayout={undefined}
            onResponderGrant={[Function]}
            onResponderMove={[Function]}
            onResponderRelease={[Function]}
            onResponderTerminate={[Function]}
            onResponderTerminationRequest={[Function]}
            onStartShouldSetResponder={[Function]}
            style={
              Object {
                "opacity": 1,
              }
            }
            testID={undefined}
            tvParallaxProperties={undefined}
          >
            <Text
              accessible={true}
              allowFontScaling={true}
              ellipsizeMode="tail"
              style={
                Array [
                  Object {
                    "fontFamily": "Karla",
                  },
                  Array [
                    undefined,
                    undefined,
                  ],
                ]
              }
            >
              Privacy Policy
            </Text>
          </View>
        </View>
      </View>
    </View>
  </RCTScrollView>
</View>
`;
