// Jest Snapshot v1, https://goo.gl/fbAQLP

exports[`renders correctly 1`] = `
<View
  style={undefined}
>
  <RCTScrollView
    style={undefined}
  >
    <View>
      <View
        style={undefined}
      >
        <Text
          accessible={true}
          allowFontScaling={true}
          ellipsizeMode="tail"
          style={
            Array [
              Object {
                "fontFamily": "Karla",
              },
              Array [
                undefined,
                undefined,
              ],
            ]
          }
        >
          SIGN IN
        </Text>
        <View
          style={undefined}
        >
          <View
            style={undefined}
          >
            <Text
              accessible={true}
              allowFontScaling={true}
              ellipsizeMode="tail"
              style={
                Array [
                  Object {
                    "fontFamily": "Karla",
                  },
                  Array [
                    undefined,
                  ],
                ]
              }
            >
              Username or Email Address
            </Text>
          </View>
          <View
            style={undefined}
          >
            <TextInput
              allowFontScaling={true}
              autoCapitalize="none"
              autoCorrect={false}
              keyboardType="default"
              onChangeText={[Function]}
              returnKeyType="done"
              secureTextEntry={false}
              style={undefined}
              underlineColorAndroid="white"
            />
          </View>
        </View>
        <View
          style={undefined}
        >
          <View
            style={undefined}
          >
            <Text
              accessible={true}
              allowFontScaling={true}
              ellipsizeMode="tail"
              style={
                Array [
                  Object {
                    "fontFamily": "Karla",
                  },
                  Array [
                    undefined,
                  ],
                ]
              }
            >
              Password
            </Text>
          </View>
          <View
            style={undefined}
          >
            <TextInput
              allowFontScaling={true}
              autoCapitalize="none"
              autoCorrect={false}
              keyboardType="default"
              onChangeText={[Function]}
              returnKeyType="done"
              secureTextEntry={true}
              style={undefined}
              underlineColorAndroid="white"
            />
          </View>
        </View>
        <View
          accessibilityComponentType={undefined}
          accessibilityLabel={undefined}
          accessibilityTraits={undefined}
          accessible={true}
          collapsable={undefined}
          hasTVPreferredFocus={undefined}
          hitSlop={undefined}
          isTVSelectable={true}
          nativeID={undefined}
          onLayout={undefined}
          onResponderGrant={[Function]}
          onResponderMove={[Function]}
          onResponderRelease={[Function]}
          onResponderTerminate={[Function]}
          onResponderTerminationRequest={[Function]}
          onStartShouldSetResponder={[Function]}
          style={
            Object {
              "opacity": 1,
            }
          }
          testID={undefined}
          tvParallaxProperties={undefined}
        >
          <Text
            accessible={true}
            allowFontScaling={true}
            ellipsizeMode="tail"
            style={
              Array [
                Object {
                  "fontFamily": "Karla",
                },
                Array [
                  undefined,
                  undefined,
                ],
              ]
            }
          >
            Forget your password?
          </Text>
        </View>
        <View
          accessibilityComponentType={undefined}
          accessibilityLabel={undefined}
          accessibilityTraits={undefined}
          accessible={true}
          collapsable={undefined}
          hasTVPreferredFocus={undefined}
          hitSlop={undefined}
          isTVSelectable={true}
          nativeID={undefined}
          onLayout={undefined}
          onResponderGrant={[Function]}
          onResponderMove={[Function]}
          onResponderRelease={[Function]}
          onResponderTerminate={[Function]}
          onResponderTerminationRequest={[Function]}
          onStartShouldSetResponder={[Function]}
          style={
            Object {
              "opacity": 1,
            }
          }
          testID={undefined}
          tvParallaxProperties={undefined}
        >
          <Text
            accessible={true}
            allowFontScaling={true}
            ellipsizeMode="tail"
            style={undefined}
          >
            Sign In
          </Text>
        </View>
        <View
          style={undefined}
        >
          <View
            style={undefined}
          />
          <Text
            accessible={true}
            allowFontScaling={true}
            ellipsizeMode="tail"
            style={undefined}
          >
            OR
          </Text>
          <View
            style={undefined}
          />
        </View>
        <View
          accessibilityComponentType={undefined}
          accessibilityLabel={undefined}
          accessibilityTraits={undefined}
          accessible={true}
          collapsable={undefined}
          hasTVPreferredFocus={undefined}
          hitSlop={undefined}
          isTVSelectable={true}
          nativeID={undefined}
          onLayout={undefined}
          onResponderGrant={[Function]}
          onResponderMove={[Function]}
          onResponderRelease={[Function]}
          onResponderTerminate={[Function]}
          onResponderTerminationRequest={[Function]}
          onStartShouldSetResponder={[Function]}
          style={
            Object {
              "opacity": 1,
            }
          }
          testID={undefined}
          tvParallaxProperties={undefined}
        >
          <Text
            accessible={true}
            allowFontScaling={true}
            ellipsizeMode="tail"
            style={undefined}
          >
            Continue without signing in
          </Text>
        </View>
        <View
          accessibilityComponentType={undefined}
          accessibilityLabel={undefined}
          accessibilityTraits={undefined}
          accessible={true}
          collapsable={undefined}
          hasTVPreferredFocus={undefined}
          hitSlop={undefined}
          isTVSelectable={true}
          nativeID={undefined}
          onLayout={undefined}
          onResponderGrant={[Function]}
          onResponderMove={[Function]}
          onResponderRelease={[Function]}
          onResponderTerminate={[Function]}
          onResponderTerminationRequest={[Function]}
          onStartShouldSetResponder={[Function]}
          style={
            Object {
              "opacity": 1,
            }
          }
          testID={undefined}
          tvParallaxProperties={undefined}
        >
          <Text
            accessible={true}
            allowFontScaling={true}
            ellipsizeMode="tail"
            style={undefined}
          >
            Register for account
          </Text>
        </View>
      </View>
    </View>
  </RCTScrollView>
</View>
`;

exports[`renders error message 1`] = `
<View
  style={undefined}
>
  <RCTScrollView
    style={undefined}
  >
    <View>
      <View
        style={undefined}
      >
        <Text
          accessible={true}
          allowFontScaling={true}
          ellipsizeMode="tail"
          style={
            Array [
              Object {
                "fontFamily": "Karla",
              },
              Array [
                undefined,
                undefined,
              ],
            ]
          }
        >
          SIGN IN
        </Text>
        <View
          style={undefined}
        >
          <View
            style={undefined}
          >
            <Text
              accessible={true}
              allowFontScaling={true}
              ellipsizeMode="tail"
              style={
                Array [
                  Object {
                    "fontFamily": "Karla",
                  },
                  Array [
                    undefined,
                  ],
                ]
              }
            >
              Username or Email Address
            </Text>
          </View>
          <View
            style={undefined}
          >
            <TextInput
              allowFontScaling={true}
              autoCapitalize="none"
              autoCorrect={false}
              keyboardType="default"
              onChangeText={[Function]}
              returnKeyType="done"
              secureTextEntry={false}
              style={undefined}
              underlineColorAndroid="white"
            />
          </View>
        </View>
        <View
          style={undefined}
        >
          <View
            style={undefined}
          >
            <Text
              accessible={true}
              allowFontScaling={true}
              ellipsizeMode="tail"
              style={
                Array [
                  Object {
                    "fontFamily": "Karla",
                  },
                  Array [
                    undefined,
                  ],
                ]
              }
            >
              Password
            </Text>
          </View>
          <View
            style={undefined}
          >
            <TextInput
              allowFontScaling={true}
              autoCapitalize="none"
              autoCorrect={false}
              keyboardType="default"
              onChangeText={[Function]}
              returnKeyType="done"
              secureTextEntry={true}
              style={undefined}
              underlineColorAndroid="white"
            />
          </View>
        </View>
        <Text
          accessible={true}
          allowFontScaling={true}
          ellipsizeMode="tail"
          style={
            Array [
              Object {
                "fontFamily": "Karla",
              },
              Array [
                undefined,
                undefined,
              ],
            ]
          }
        >
          does not compute
        </Text>
        <View
          accessibilityComponentType={undefined}
          accessibilityLabel={undefined}
          accessibilityTraits={undefined}
          accessible={true}
          collapsable={undefined}
          hasTVPreferredFocus={undefined}
          hitSlop={undefined}
          isTVSelectable={true}
          nativeID={undefined}
          onLayout={undefined}
          onResponderGrant={[Function]}
          onResponderMove={[Function]}
          onResponderRelease={[Function]}
          onResponderTerminate={[Function]}
          onResponderTerminationRequest={[Function]}
          onStartShouldSetResponder={[Function]}
          style={
            Object {
              "opacity": 1,
            }
          }
          testID={undefined}
          tvParallaxProperties={undefined}
        >
          <Text
            accessible={true}
            allowFontScaling={true}
            ellipsizeMode="tail"
            style={
              Array [
                Object {
                  "fontFamily": "Karla",
                },
                Array [
                  undefined,
                  undefined,
                ],
              ]
            }
          >
            Forget your password?
          </Text>
        </View>
        <View
          accessibilityComponentType={undefined}
          accessibilityLabel={undefined}
          accessibilityTraits={undefined}
          accessible={true}
          collapsable={undefined}
          hasTVPreferredFocus={undefined}
          hitSlop={undefined}
          isTVSelectable={true}
          nativeID={undefined}
          onLayout={undefined}
          onResponderGrant={[Function]}
          onResponderMove={[Function]}
          onResponderRelease={[Function]}
          onResponderTerminate={[Function]}
          onResponderTerminationRequest={[Function]}
          onStartShouldSetResponder={[Function]}
          style={
            Object {
              "opacity": 1,
            }
          }
          testID={undefined}
          tvParallaxProperties={undefined}
        >
          <Text
            accessible={true}
            allowFontScaling={true}
            ellipsizeMode="tail"
            style={undefined}
          >
            Sign In
          </Text>
        </View>
        <View
          style={undefined}
        >
          <View
            style={undefined}
          />
          <Text
            accessible={true}
            allowFontScaling={true}
            ellipsizeMode="tail"
            style={undefined}
          >
            OR
          </Text>
          <View
            style={undefined}
          />
        </View>
        <View
          accessibilityComponentType={undefined}
          accessibilityLabel={undefined}
          accessibilityTraits={undefined}
          accessible={true}
          collapsable={undefined}
          hasTVPreferredFocus={undefined}
          hitSlop={undefined}
          isTVSelectable={true}
          nativeID={undefined}
          onLayout={undefined}
          onResponderGrant={[Function]}
          onResponderMove={[Function]}
          onResponderRelease={[Function]}
          onResponderTerminate={[Function]}
          onResponderTerminationRequest={[Function]}
          onStartShouldSetResponder={[Function]}
          style={
            Object {
              "opacity": 1,
            }
          }
          testID={undefined}
          tvParallaxProperties={undefined}
        >
          <Text
            accessible={true}
            allowFontScaling={true}
            ellipsizeMode="tail"
            style={undefined}
          >
            Continue without signing in
          </Text>
        </View>
        <View
          accessibilityComponentType={undefined}
          accessibilityLabel={undefined}
          accessibilityTraits={undefined}
          accessible={true}
          collapsable={undefined}
          hasTVPreferredFocus={undefined}
          hitSlop={undefined}
          isTVSelectable={true}
          nativeID={undefined}
          onLayout={undefined}
          onResponderGrant={[Function]}
          onResponderMove={[Function]}
          onResponderRelease={[Function]}
          onResponderTerminate={[Function]}
          onResponderTerminationRequest={[Function]}
          onStartShouldSetResponder={[Function]}
          style={
            Object {
              "opacity": 1,
            }
          }
          testID={undefined}
          tvParallaxProperties={undefined}
        >
          <Text
            accessible={true}
            allowFontScaling={true}
            ellipsizeMode="tail"
            style={undefined}
          >
            Register for account
          </Text>
        </View>
      </View>
    </View>
  </RCTScrollView>
</View>
`;
