// Jest Snapshot v1, https://goo.gl/fbAQLP

exports[`renders styles as array when style passed in 1`] = `
<Text
  accessible={true}
  allowFontScaling={true}
  ellipsizeMode="tail"
  style={
    Array [
      Object {
        "fontFamily": "Karla",
      },
      Array [
        undefined,
        undefined,
      ],
    ]
  }
>
  O Hai!
</Text>
`;

exports[`renders text correctly 1`] = `
<Text
  accessible={true}
  allowFontScaling={true}
  ellipsizeMode="tail"
  style={
    Array [
      Object {
        "fontFamily": "Karla",
      },
      Array [
        undefined,
      ],
    ]
  }
>
  O Hai!
</Text>
`;
